// Jest Snapshot v1, https://goo.gl/fbAQLP

exports[`LanguageSwitcher should match snapshot 1`] = `
<body>
  <div>
    <div
      aria-expanded="false"
      class="ui dropdown link item right LanguageSwitcher"
      role="listbox"
      tabindex="0"
    >
      <div
        aria-live="polite"
        class="text"
        role="alert"
      >
        current.language
      </div>
      <i
        aria-hidden="true"
        class="dropdown icon"
      />
      <div
        class="menu transition"
      >
        <button
          class="item LanguageSwitcher__button"
          role="option"
          title="FranÃ§ais"
        >
          FR
        </button>
        <button
          class="item LanguageSwitcher__button"
          role="option"
          title="Deutsch"
        >
          DE
        </button>
        <button
          class="item LanguageSwitcher__button"
          role="option"
          title="Italianno"
        >
          IT
        </button>
        <button
          class="item LanguageSwitcher__button"
          role="option"
          title="English"
        >
          EN
        </button>
      </div>
    </div>
  </div>
</body>
`;
